Python 3.4.3 (v3.4.3:9b73f1c3e601, Feb 23 2015, 02:52:03) 
[GCC 4.2.1 (Apple Inc. build 5666) (dot 3)] on darwin
Type "copyright", "credits" or "license()" for more information.
>>> ================================ RESTART ================================
>>> 
>>> # test question 1
>>> 
>>> in_or_out_square(0, 0, -2.5, 0.5, 1.5)
'invalid side length'
>>> in_or_out_square(0, 0, 2.5, 0.5, 1.5)
'The given query point (0.5, 1.5) is inside the square.'
>>> in_or_out_square(2.5, 1, 1, -1, 1.5)
'The given query point (-1, 1.5) is outside the square.'
>>> 
>>> #test question 2
>>> 
>>> factorial(0)
1
>>> factorial(1)
1
>>> factorial(2) 2
SyntaxError: invalid syntax
>>> factorial(2)
2
>>> factorial(3)
6
>>> factorial(4)
24
>>> factorial(5)
120
>>> factorial(500)
1220136825991110068701238785423046926253574342803192842192413588385845373153881997605496447502203281863013616477148203584163378722078177200480785205159329285477907571939330603772960859086270429174547882424912726344305670173270769461062802310452644218878789465754777149863494367781037644274033827365397471386477878495438489595537537990423241061271326984327745715546309977202781014561081188373709531016356324432987029563896628911658974769572087926928871281780070265174507768410719624390394322536422605234945850129918571501248706961568141625359056693423813008856249246891564126775654481886506593847951775360894005745238940335798476363944905313062323749066445048824665075946735862074637925184200459369692981022263971952597190945217823331756934581508552332820762820023402626907898342451712006207714640979456116127629145951237229913340169552363850942885592018727433795173014586357570828355780158735432768888680120399882384702151467605445407663535984174430480128938313896881639487469658817504506926365338175055478128640000000000000000000000000000000000000000000000000000000000000000000000000000000000000000000000000000000000000000000000000000
>>> 
>>> #test question 3
>>> 
>>> strange_count('2aAb3?eE')
3
>>> strange_count('16ABCDEFz')
1
>>> 
>>> #test question 4
>>> 
>>> vote_percentage('yes yes yes yes yes abstained abstained yes yes yes yes')
1.0
>>> vote_percentage('yes,yes, no, yes, no, yes, abstained, yes, yes,no')
0.6666666666666666
>>> vote_percentage('abstained no abstained yes no yes no yes yes yes no')
0.5555555555555556
>>> vote_percentage('no yes no no no, yes yes yes no')
0.4444444444444444
>>> 
>>> #test question 5

>>> vote()
Enter the yes, no, abstained, votes one by one and then press enter: yes yes yes yes yes abstained abstained yes yes yes yes
proposal printed unanimously
>>> vote()
Enter the yes, no, abstained, votes one by one and then press enter: yes,yes, no, yes, no, yes, abstained, yes, yes,no
proposal passes wth super majority
>>> vote()
Enter the yes, no, abstained, votes one by one and then press enter: abstained no abstained yes no yes no yes yes yes no
proposal passes with simple majority
>>> vote()
Enter the yes, no, abstained, votes one by one and then press enter: no yes no no no, yes yes yes no
proposal fails
>>> 
>>> #test question 6
>>> 
>>> roman()
Enter a roman number using capital letters M,D,C,X and I: MIIIMMDCM
4603
>>> roman()
Enter a roman number using capital letters M,D,C,X and I: IV
6
>>> roman()
Enter a roman number using capital letters M,D,C,X and I: MDCXVII
1617
>>> roman()
Enter a roman number using capital letters M,D,C,X and I: IIIVIII
11
>>> 
>>> #test question 7

>>> roman_v2()
Enter a roman number using capital letters M,D,C,X and I: MIIIMMDCM
4603
>>> roman_v2()
Enter a roman number using capital letters M,D,C,X and I: IV
6
>>> roman_v2()
Enter a roman number using capital letters M,D,C,X and I: MDCXVII
1617
>>> roman_v2()
Enter a roman number using capital letters M,D,C,X and I: IIIVIII
11
>>> 
>>> #test question 8
>>> 
>>> emphasize('v')
'v'
>>> emphasize(' song ? tr a ')
's o n g   ?   t r   a'
>>> emphasize('')
''
>>> emphasize('very important')
'v e r y   i m p o r t a n t'
>>> emphasize(' really?')
'r e a l l y ?'
>>> 

>>> #test question 9

>>>  crypto('Secret Message')
 
SyntaxError: unexpected indent
>>> crypto('Secret Message')
['ge', 'sa', 'es', ' M', 'et', 'cr', 'Se']
>>> crypto('Secret Messages')
['s', 'ge', 'sa', 'es', ' M', 'et', 'cr', 'Se']
>>> crypto(",4?tr")
['r', '?t', ',4']

>>> 
>>> 
